// Jest Snapshot v1, https://goo.gl/fbAQLP

exports[`getProductsReducer it handles the reducer with default type 1`] = `
Immutable.Map {
  "error": null,
  "products": null,
}
`;
