// Jest Snapshot v1, https://goo.gl/fbAQLP

exports[`<Heading /> should render the Heading 1`] = `
<h2
  className=""
>
  header
</h2>
`;
